// Jest Snapshot v1, https://goo.gl/fbAQLP

exports[`Title should render the Title Component 1`] = `
<styled.div
  className="title"
>
  <h1>
    Weather Test Title
  </h1>
</styled.div>
`;
